><?xml version="1.0" encoding="utf-8"?>
#^^ source.plcopen-xml meta.tag.preprocessor.xml punctuation.definition.tag.begin.xml
#  ^^^ source.plcopen-xml meta.tag.preprocessor.xml keyword.other.xml-declaration.xml
#     ^ source.plcopen-xml meta.tag.preprocessor.xml
#      ^^^^^^^ source.plcopen-xml meta.tag.preprocessor.xml entity.other.attribute-name.xml
#             ^ source.plcopen-xml meta.tag.preprocessor.xml punctuation.separator.key-value.xml
#              ^^^^^ source.plcopen-xml meta.tag.preprocessor.xml string.quoted.double.xml
#                   ^ source.plcopen-xml meta.tag.preprocessor.xml
#                    ^^^^^^^^ source.plcopen-xml meta.tag.preprocessor.xml entity.other.attribute-name.xml
#                            ^ source.plcopen-xml meta.tag.preprocessor.xml punctuation.separator.key-value.xml
#                             ^^^^^^^ source.plcopen-xml meta.tag.preprocessor.xml string.quoted.double.xml
#                                    ^^ source.plcopen-xml meta.tag.preprocessor.xml punctuation.definition.tag.end.xml
><project xmlns="http://www.plcopen.org/xml/tc6_0200">
#^ source.plcopen-xml meta.tag.self-closing.xml punctuation.definition.tag.begin.xml
# ^^^^^^^ source.plcopen-xml meta.tag.self-closing.xml entity.name.tag.structure.plcopen-xml
#        ^ source.plcopen-xml meta.tag.self-closing.xml
#         ^^^^^ source.plcopen-xml meta.tag.self-closing.xml entity.other.attribute-name.namespace.xml
#              ^ source.plcopen-xml meta.tag.self-closing.xml punctuation.separator.key-value.xml
#               ^^^^^^^^^^^^^^^^^^^^^^^^^^^^^^^^^^^^^ source.plcopen-xml meta.tag.self-closing.xml string.quoted.double.xml
#                                                    ^^ source.plcopen-xml meta.tag.self-closing.xml
>  <types>
#^^^^^^^^^^ source.plcopen-xml meta.tag.self-closing.xml
>    <pous>
#^^^^^^^^^^^ source.plcopen-xml meta.tag.self-closing.xml
>      <pou name="MyFunction" pouType="function">
#^^^^^^^^^^^ source.plcopen-xml meta.tag.self-closing.xml
#           ^^^^ source.plcopen-xml meta.tag.self-closing.xml entity.other.attribute-name.plcopen-xml
#               ^ source.plcopen-xml meta.tag.self-closing.xml punctuation.separator.key-value.xml
#                ^^^^^^^^^^^^ source.plcopen-xml meta.tag.self-closing.xml entity.name.plcopen-xml
#                            ^ source.plcopen-xml meta.tag.self-closing.xml
#                             ^^^^^^^ source.plcopen-xml meta.tag.self-closing.xml entity.other.attribute-name.plcopen-xml
#                                    ^ source.plcopen-xml meta.tag.self-closing.xml punctuation.separator.key-value.xml
#                                     ^ source.plcopen-xml meta.tag.self-closing.xml punctuation.definition.string.begin.xml
#                                      ^^^^^^^^ source.plcopen-xml meta.tag.self-closing.xml support.type.pou.plcopen-xml
#                                              ^ source.plcopen-xml meta.tag.self-closing.xml punctuation.definition.string.end.xml
#                                               ^^ source.plcopen-xml meta.tag.self-closing.xml
>        <interface>
#^^^^^^^^^^^^^^^^^^^^ source.plcopen-xml meta.tag.self-closing.xml
>          <returnType>
#^^^^^^^^^^^^^^^^^^^^^^^ source.plcopen-xml meta.tag.self-closing.xml
>            <BOOL/>
#^^^^^^^^^^^^^^^^^ source.plcopen-xml meta.tag.self-closing.xml
#                 ^^ source.plcopen-xml meta.tag.self-closing.xml punctuation.definition.tag.end.xml
>          </returnType>
#^^^^^^^^^^ source.plcopen-xml
#          ^^ source.plcopen-xml meta.tag.close.xml punctuation.definition.tag.begin.xml
#            ^^^^^^^^^^ source.plcopen-xml meta.tag.close.xml entity.name.tag.variable-section.plcopen-xml
#                      ^ source.plcopen-xml meta.tag.close.xml punctuation.definition.tag.end.xml
>          <inputVars>
#^^^^^^^^^^ source.plcopen-xml
#          ^ source.plcopen-xml meta.tag.self-closing.xml punctuation.definition.tag.begin.xml
#           ^^^^^^^^^ source.plcopen-xml meta.tag.self-closing.xml entity.name.tag.variable-section.plcopen-xml
#                    ^^ source.plcopen-xml meta.tag.self-closing.xml
>            <variable name="Input1">
#^^^^^^^^^^^^^^^^^^^^^^ source.plcopen-xml meta.tag.self-closing.xml
#                      ^^^^ source.plcopen-xml meta.tag.self-closing.xml entity.other.attribute-name.plcopen-xml
#                          ^ source.plcopen-xml meta.tag.self-closing.xml punctuation.separator.key-value.xml
#                           ^^^^^^^^ source.plcopen-xml meta.tag.self-closing.xml entity.name.plcopen-xml
#                                   ^^ source.plcopen-xml meta.tag.self-closing.xml
>              <type><INT/></type>
#^^^^^^^^^^^^^^^^^^^^^^^^ source.plcopen-xml meta.tag.self-closing.xml
#                        ^^ source.plcopen-xml meta.tag.self-closing.xml punctuation.definition.tag.end.xml
#                          ^^ source.plcopen-xml meta.tag.close.xml punctuation.definition.tag.begin.xml
#                            ^^^^ source.plcopen-xml meta.tag.close.xml entity.name.tag.variable.plcopen-xml
#                                ^ source.plcopen-xml meta.tag.close.xml punctuation.definition.tag.end.xml
>            </variable>
#^^^^^^^^^^^^ source.plcopen-xml
#            ^^ source.plcopen-xml meta.tag.close.xml punctuation.definition.tag.begin.xml
#              ^^^^^^^^ source.plcopen-xml meta.tag.close.xml entity.name.tag.variable.plcopen-xml
#                      ^ source.plcopen-xml meta.tag.close.xml punctuation.definition.tag.end.xml
>          </inputVars>
#^^^^^^^^^^ source.plcopen-xml
#          ^^ source.plcopen-xml meta.tag.close.xml punctuation.definition.tag.begin.xml
#            ^^^^^^^^^ source.plcopen-xml meta.tag.close.xml entity.name.tag.variable-section.plcopen-xml
#                     ^ source.plcopen-xml meta.tag.close.xml punctuation.definition.tag.end.xml
>          <outputVars>
#^^^^^^^^^^ source.plcopen-xml
#          ^ source.plcopen-xml meta.tag.self-closing.xml punctuation.definition.tag.begin.xml
#           ^^^^^^^^^^ source.plcopen-xml meta.tag.self-closing.xml entity.name.tag.variable-section.plcopen-xml
#                     ^^ source.plcopen-xml meta.tag.self-closing.xml
>            <variable name="Output1">
#^^^^^^^^^^^^^^^^^^^^^^ source.plcopen-xml meta.tag.self-closing.xml
#                      ^^^^ source.plcopen-xml meta.tag.self-closing.xml entity.other.attribute-name.plcopen-xml
#                          ^ source.plcopen-xml meta.tag.self-closing.xml punctuation.separator.key-value.xml
#                           ^^^^^^^^^ source.plcopen-xml meta.tag.self-closing.xml entity.name.plcopen-xml
#                                    ^^ source.plcopen-xml meta.tag.self-closing.xml
>              <type><DINT/></type>
#^^^^^^^^^^^^^^^^^^^^^^^^^ source.plcopen-xml meta.tag.self-closing.xml
#                         ^^ source.plcopen-xml meta.tag.self-closing.xml punctuation.definition.tag.end.xml
#                           ^^ source.plcopen-xml meta.tag.close.xml punctuation.definition.tag.begin.xml
#                             ^^^^ source.plcopen-xml meta.tag.close.xml entity.name.tag.variable.plcopen-xml
#                                 ^ source.plcopen-xml meta.tag.close.xml punctuation.definition.tag.end.xml
>            </variable>
#^^^^^^^^^^^^ source.plcopen-xml
#            ^^ source.plcopen-xml meta.tag.close.xml punctuation.definition.tag.begin.xml
#              ^^^^^^^^ source.plcopen-xml meta.tag.close.xml entity.name.tag.variable.plcopen-xml
#                      ^ source.plcopen-xml meta.tag.close.xml punctuation.definition.tag.end.xml
>          </outputVars>
#^^^^^^^^^^ source.plcopen-xml
#          ^^ source.plcopen-xml meta.tag.close.xml punctuation.definition.tag.begin.xml
#            ^^^^^^^^^^ source.plcopen-xml meta.tag.close.xml entity.name.tag.variable-section.plcopen-xml
#                      ^ source.plcopen-xml meta.tag.close.xml punctuation.definition.tag.end.xml
>          <localVars>
#^^^^^^^^^^ source.plcopen-xml
#          ^ source.plcopen-xml meta.tag.self-closing.xml punctuation.definition.tag.begin.xml
#           ^^^^^^^^^ source.plcopen-xml meta.tag.self-closing.xml entity.name.tag.variable-section.plcopen-xml
#                    ^^ source.plcopen-xml meta.tag.self-closing.xml
>            <variable name="Local1" constant="true">
#^^^^^^^^^^^^^^^^^^^^^^ source.plcopen-xml meta.tag.self-closing.xml
#                      ^^^^ source.plcopen-xml meta.tag.self-closing.xml entity.other.attribute-name.plcopen-xml
#                          ^ source.plcopen-xml meta.tag.self-closing.xml punctuation.separator.key-value.xml
#                           ^^^^^^^^ source.plcopen-xml meta.tag.self-closing.xml entity.name.plcopen-xml
#                                   ^ source.plcopen-xml meta.tag.self-closing.xml
#                                    ^^^^^^^^ source.plcopen-xml meta.tag.self-closing.xml entity.other.attribute-name.plcopen-xml
#                                            ^ source.plcopen-xml meta.tag.self-closing.xml punctuation.separator.key-value.xml
#                                             ^ source.plcopen-xml meta.tag.self-closing.xml punctuation.definition.string.begin.xml
#                                              ^^^^ source.plcopen-xml meta.tag.self-closing.xml constant.language.boolean.plcopen-xml
#                                                  ^ source.plcopen-xml meta.tag.self-closing.xml punctuation.definition.string.end.xml
#                                                   ^^ source.plcopen-xml meta.tag.self-closing.xml
>              <type><REAL/></type>
#^^^^^^^^^^^^^^^^^^^^^^^^^ source.plcopen-xml meta.tag.self-closing.xml
#                         ^^ source.plcopen-xml meta.tag.self-closing.xml punctuation.definition.tag.end.xml
#                           ^^ source.plcopen-xml meta.tag.close.xml punctuation.definition.tag.begin.xml
#                             ^^^^ source.plcopen-xml meta.tag.close.xml entity.name.tag.variable.plcopen-xml
#                                 ^ source.plcopen-xml meta.tag.close.xml punctuation.definition.tag.end.xml
>              <initialValue>
#^^^^^^^^^^^^^^ source.plcopen-xml
#              ^ source.plcopen-xml meta.tag.self-closing.xml punctuation.definition.tag.begin.xml
#               ^^^^^^^^^^^^ source.plcopen-xml meta.tag.self-closing.xml entity.name.tag.variable.plcopen-xml
#                           ^^ source.plcopen-xml meta.tag.self-closing.xml
>                <simpleValue value="0.0"/>
#^^^^^^^^^^^^^^^^^^^^^^^^^^^^^ source.plcopen-xml meta.tag.self-closing.xml
#                             ^^^^^ source.plcopen-xml meta.tag.self-closing.xml entity.other.attribute-name.xml
#                                  ^ source.plcopen-xml meta.tag.self-closing.xml punctuation.separator.key-value.xml
#                                   ^^^^^ source.plcopen-xml meta.tag.self-closing.xml string.quoted.double.xml
#                                        ^^ source.plcopen-xml meta.tag.self-closing.xml punctuation.definition.tag.end.xml
>              </initialValue>
#^^^^^^^^^^^^^^ source.plcopen-xml
#              ^^ source.plcopen-xml meta.tag.close.xml punctuation.definition.tag.begin.xml
#                ^^^^^^^^^^^^ source.plcopen-xml meta.tag.close.xml entity.name.tag.variable.plcopen-xml
#                            ^ source.plcopen-xml meta.tag.close.xml punctuation.definition.tag.end.xml
>            </variable>
#^^^^^^^^^^^^ source.plcopen-xml
#            ^^ source.plcopen-xml meta.tag.close.xml punctuation.definition.tag.begin.xml
#              ^^^^^^^^ source.plcopen-xml meta.tag.close.xml entity.name.tag.variable.plcopen-xml
#                      ^ source.plcopen-xml meta.tag.close.xml punctuation.definition.tag.end.xml
>          </localVars>
#^^^^^^^^^^ source.plcopen-xml
#          ^^ source.plcopen-xml meta.tag.close.xml punctuation.definition.tag.begin.xml
#            ^^^^^^^^^ source.plcopen-xml meta.tag.close.xml entity.name.tag.variable-section.plcopen-xml
#                     ^ source.plcopen-xml meta.tag.close.xml punctuation.definition.tag.end.xml
>        </interface>
#^^^^^^^^ source.plcopen-xml
#        ^^ source.plcopen-xml meta.tag.close.xml punctuation.definition.tag.begin.xml
#          ^^^^^^^^^ source.plcopen-xml meta.tag.close.xml entity.name.tag.pou.plcopen-xml
#                   ^ source.plcopen-xml meta.tag.close.xml punctuation.definition.tag.end.xml
>        <body>
#^^^^^^^^ source.plcopen-xml
#        ^ source.plcopen-xml meta.tag.self-closing.xml punctuation.definition.tag.begin.xml
#         ^^^^ source.plcopen-xml meta.tag.self-closing.xml entity.name.tag.pou.plcopen-xml
#             ^^ source.plcopen-xml meta.tag.self-closing.xml
>          <ST>
#^^^^^^^^^^^^^^^ source.plcopen-xml meta.tag.self-closing.xml
>            <xhtml xmlns="http://www.w3.org/1999/xhtml">Output1 := Input1 * 2;</xhtml>
#^^^^^^^^^^^^^^^^^^^ source.plcopen-xml meta.tag.self-closing.xml
#                   ^^^^^ source.plcopen-xml meta.tag.self-closing.xml entity.other.attribute-name.namespace.xml
#                        ^ source.plcopen-xml meta.tag.self-closing.xml punctuation.separator.key-value.xml
#                         ^^^^^^^^^^^^^^^^^^^^^^^^^^^^^^ source.plcopen-xml meta.tag.self-closing.xml string.quoted.double.xml
#                                                       ^^^^^^^^^^^^^^^^^^^^^^^^^^^^^^^^ source.plcopen-xml meta.tag.self-closing.xml
>          </ST>
#^^^^^^^^^^^^^^^^ source.plcopen-xml meta.tag.self-closing.xml
>        </body>
#^^^^^^^^^^^^^^^^ source.plcopen-xml meta.tag.self-closing.xml
>      </pou>
#^^^^^^^^^^^^^ source.plcopen-xml meta.tag.self-closing.xml
>      <pou name="MyFunctionBlock" pouType="functionBlock">
#^^^^^^^^^^^ source.plcopen-xml meta.tag.self-closing.xml
#           ^^^^ source.plcopen-xml meta.tag.self-closing.xml entity.other.attribute-name.plcopen-xml
#               ^ source.plcopen-xml meta.tag.self-closing.xml punctuation.separator.key-value.xml
#                ^^^^^^^^^^^^^^^^^ source.plcopen-xml meta.tag.self-closing.xml entity.name.plcopen-xml
#                                 ^ source.plcopen-xml meta.tag.self-closing.xml
#                                  ^^^^^^^ source.plcopen-xml meta.tag.self-closing.xml entity.other.attribute-name.plcopen-xml
#                                         ^ source.plcopen-xml meta.tag.self-closing.xml punctuation.separator.key-value.xml
#                                          ^ source.plcopen-xml meta.tag.self-closing.xml punctuation.definition.string.begin.xml
#                                           ^^^^^^^^^^^^^ source.plcopen-xml meta.tag.self-closing.xml support.type.pou.plcopen-xml
#                                                        ^ source.plcopen-xml meta.tag.self-closing.xml punctuation.definition.string.end.xml
#                                                         ^^ source.plcopen-xml meta.tag.self-closing.xml
>        <interface>
#^^^^^^^^^^^^^^^^^^^^ source.plcopen-xml meta.tag.self-closing.xml
>          <inOutVars>
#^^^^^^^^^^^^^^^^^^^^^^ source.plcopen-xml meta.tag.self-closing.xml
>            <variable name="Counter">
#^^^^^^^^^^^^^^^^^^^^^^ source.plcopen-xml meta.tag.self-closing.xml
#                      ^^^^ source.plcopen-xml meta.tag.self-closing.xml entity.other.attribute-name.plcopen-xml
#                          ^ source.plcopen-xml meta.tag.self-closing.xml punctuation.separator.key-value.xml
#                           ^^^^^^^^^ source.plcopen-xml meta.tag.self-closing.xml entity.name.plcopen-xml
#                                    ^^ source.plcopen-xml meta.tag.self-closing.xml
>              <type><UDINT/></type>
#^^^^^^^^^^^^^^^^^^^^^^^^^^ source.plcopen-xml meta.tag.self-closing.xml
#                          ^^ source.plcopen-xml meta.tag.self-closing.xml punctuation.definition.tag.end.xml
#                            ^^ source.plcopen-xml meta.tag.close.xml punctuation.definition.tag.begin.xml
#                              ^^^^ source.plcopen-xml meta.tag.close.xml entity.name.tag.variable.plcopen-xml
#                                  ^ source.plcopen-xml meta.tag.close.xml punctuation.definition.tag.end.xml
>            </variable>
#^^^^^^^^^^^^ source.plcopen-xml
#            ^^ source.plcopen-xml meta.tag.close.xml punctuation.definition.tag.begin.xml
#              ^^^^^^^^ source.plcopen-xml meta.tag.close.xml entity.name.tag.variable.plcopen-xml
#                      ^ source.plcopen-xml meta.tag.close.xml punctuation.definition.tag.end.xml
>          </inOutVars>
#^^^^^^^^^^ source.plcopen-xml
#          ^^ source.plcopen-xml meta.tag.close.xml punctuation.definition.tag.begin.xml
#            ^^^^^^^^^ source.plcopen-xml meta.tag.close.xml entity.name.tag.variable-section.plcopen-xml
#                     ^ source.plcopen-xml meta.tag.close.xml punctuation.definition.tag.end.xml
>        </interface>
#^^^^^^^^ source.plcopen-xml
#        ^^ source.plcopen-xml meta.tag.close.xml punctuation.definition.tag.begin.xml
#          ^^^^^^^^^ source.plcopen-xml meta.tag.close.xml entity.name.tag.pou.plcopen-xml
#                   ^ source.plcopen-xml meta.tag.close.xml punctuation.definition.tag.end.xml
>        <body>
#^^^^^^^^ source.plcopen-xml
#        ^ source.plcopen-xml meta.tag.self-closing.xml punctuation.definition.tag.begin.xml
#         ^^^^ source.plcopen-xml meta.tag.self-closing.xml entity.name.tag.pou.plcopen-xml
#             ^^ source.plcopen-xml meta.tag.self-closing.xml
>          <ST>
#^^^^^^^^^^^^^^^ source.plcopen-xml meta.tag.self-closing.xml
>            <xhtml>Counter := Counter + 1;</xhtml>
#^^^^^^^^^^^^^^^^^^^^^^^^^^^^^^^^^^^^^^^^^^^^^^^^^^^ source.plcopen-xml meta.tag.self-closing.xml
>          </ST>
#^^^^^^^^^^^^^^^^ source.plcopen-xml meta.tag.self-closing.xml
>        </body>
#^^^^^^^^^^^^^^^^ source.plcopen-xml meta.tag.self-closing.xml
>      </pou>
#^^^^^^^^^^^^^ source.plcopen-xml meta.tag.self-closing.xml
>      <pou name="MyProgram" pouType="program">
#^^^^^^^^^^^ source.plcopen-xml meta.tag.self-closing.xml
#           ^^^^ source.plcopen-xml meta.tag.self-closing.xml entity.other.attribute-name.plcopen-xml
#               ^ source.plcopen-xml meta.tag.self-closing.xml punctuation.separator.key-value.xml
#                ^^^^^^^^^^^ source.plcopen-xml meta.tag.self-closing.xml entity.name.plcopen-xml
#                           ^ source.plcopen-xml meta.tag.self-closing.xml
#                            ^^^^^^^ source.plcopen-xml meta.tag.self-closing.xml entity.other.attribute-name.plcopen-xml
#                                   ^ source.plcopen-xml meta.tag.self-closing.xml punctuation.separator.key-value.xml
#                                    ^ source.plcopen-xml meta.tag.self-closing.xml punctuation.definition.string.begin.xml
#                                     ^^^^^^^ source.plcopen-xml meta.tag.self-closing.xml support.type.pou.plcopen-xml
#                                            ^ source.plcopen-xml meta.tag.self-closing.xml punctuation.definition.string.end.xml
#                                             ^^ source.plcopen-xml meta.tag.self-closing.xml
>        <interface>
#^^^^^^^^^^^^^^^^^^^^ source.plcopen-xml meta.tag.self-closing.xml
>          <tempVars>
#^^^^^^^^^^^^^^^^^^^^^ source.plcopen-xml meta.tag.self-closing.xml
>            <variable name="Temp">
#^^^^^^^^^^^^^^^^^^^^^^ source.plcopen-xml meta.tag.self-closing.xml
#                      ^^^^ source.plcopen-xml meta.tag.self-closing.xml entity.other.attribute-name.plcopen-xml
#                          ^ source.plcopen-xml meta.tag.self-closing.xml punctuation.separator.key-value.xml
#                           ^^^^^^ source.plcopen-xml meta.tag.self-closing.xml entity.name.plcopen-xml
#                                 ^^ source.plcopen-xml meta.tag.self-closing.xml
>              <type><STRING/></type>
#^^^^^^^^^^^^^^^^^^^^^^^^^^^ source.plcopen-xml meta.tag.self-closing.xml
#                           ^^ source.plcopen-xml meta.tag.self-closing.xml punctuation.definition.tag.end.xml
#                             ^^ source.plcopen-xml meta.tag.close.xml punctuation.definition.tag.begin.xml
#                               ^^^^ source.plcopen-xml meta.tag.close.xml entity.name.tag.variable.plcopen-xml
#                                   ^ source.plcopen-xml meta.tag.close.xml punctuation.definition.tag.end.xml
>            </variable>
#^^^^^^^^^^^^ source.plcopen-xml
#            ^^ source.plcopen-xml meta.tag.close.xml punctuation.definition.tag.begin.xml
#              ^^^^^^^^ source.plcopen-xml meta.tag.close.xml entity.name.tag.variable.plcopen-xml
#                      ^ source.plcopen-xml meta.tag.close.xml punctuation.definition.tag.end.xml
>          </tempVars>
#^^^^^^^^^^ source.plcopen-xml
#          ^^ source.plcopen-xml meta.tag.close.xml punctuation.definition.tag.begin.xml
#            ^^^^^^^^ source.plcopen-xml meta.tag.close.xml entity.name.tag.variable-section.plcopen-xml
#                    ^ source.plcopen-xml meta.tag.close.xml punctuation.definition.tag.end.xml
>        </interface>
#^^^^^^^^ source.plcopen-xml
#        ^^ source.plcopen-xml meta.tag.close.xml punctuation.definition.tag.begin.xml
#          ^^^^^^^^^ source.plcopen-xml meta.tag.close.xml entity.name.tag.pou.plcopen-xml
#                   ^ source.plcopen-xml meta.tag.close.xml punctuation.definition.tag.end.xml
>        <body>
#^^^^^^^^ source.plcopen-xml
#        ^ source.plcopen-xml meta.tag.self-closing.xml punctuation.definition.tag.begin.xml
#         ^^^^ source.plcopen-xml meta.tag.self-closing.xml entity.name.tag.pou.plcopen-xml
#             ^^ source.plcopen-xml meta.tag.self-closing.xml
>          <ST>
#^^^^^^^^^^^^^^^ source.plcopen-xml meta.tag.self-closing.xml
>            <xhtml>Temp := 'Hello';</xhtml>
#^^^^^^^^^^^^^^^^^^^^^^^^^^^^^^^^^^^^^^^^^^^^ source.plcopen-xml meta.tag.self-closing.xml
>          </ST>
#^^^^^^^^^^^^^^^^ source.plcopen-xml meta.tag.self-closing.xml
>        </body>
#^^^^^^^^^^^^^^^^ source.plcopen-xml meta.tag.self-closing.xml
>      </pou>
#^^^^^^^^^^^^^ source.plcopen-xml meta.tag.self-closing.xml
>    </pous>
#^^^^^^^^^^^^ source.plcopen-xml meta.tag.self-closing.xml
>  </types>
#^^^^^^^^^^^ source.plcopen-xml meta.tag.self-closing.xml
></project>
#^^^^^^^^^^^ source.plcopen-xml meta.tag.self-closing.xml
>