><?xml version="1.0" encoding="utf-8"?>
#^^ source.plcopen-xml meta.tag.preprocessor.xml punctuation.definition.tag.begin.xml
#  ^^^ source.plcopen-xml meta.tag.preprocessor.xml keyword.other.xml-declaration.xml
#     ^ source.plcopen-xml meta.tag.preprocessor.xml
#      ^^^^^^^ source.plcopen-xml meta.tag.preprocessor.xml entity.other.attribute-name.xml
#             ^ source.plcopen-xml meta.tag.preprocessor.xml punctuation.separator.key-value.xml
#              ^^^^^ source.plcopen-xml meta.tag.preprocessor.xml string.quoted.double.xml
#                   ^ source.plcopen-xml meta.tag.preprocessor.xml
#                    ^^^^^^^^ source.plcopen-xml meta.tag.preprocessor.xml entity.other.attribute-name.xml
#                            ^ source.plcopen-xml meta.tag.preprocessor.xml punctuation.separator.key-value.xml
#                             ^^^^^^^ source.plcopen-xml meta.tag.preprocessor.xml string.quoted.double.xml
#                                    ^^ source.plcopen-xml meta.tag.preprocessor.xml punctuation.definition.tag.end.xml
><project xmlns="http://www.plcopen.org/xml/tc6_0200">
#^ source.plcopen-xml meta.tag.xml punctuation.definition.tag.begin.xml
# ^^^^^^^ source.plcopen-xml meta.tag.xml entity.name.tag.structure.plcopen-xml
#        ^ source.plcopen-xml meta.tag.xml
#         ^^^^^ source.plcopen-xml meta.tag.xml entity.other.attribute-name.namespace.xml
#              ^ source.plcopen-xml meta.tag.xml punctuation.separator.key-value.xml
#               ^^^^^^^^^^^^^^^^^^^^^^^^^^^^^^^^^^^^^ source.plcopen-xml meta.tag.xml string.quoted.double.xml
#                                                    ^ source.plcopen-xml meta.tag.xml punctuation.definition.tag.end.xml
>  <types>
#^^ source.plcopen-xml
#  ^ source.plcopen-xml meta.tag.xml punctuation.definition.tag.begin.xml
#   ^^^^^ source.plcopen-xml meta.tag.xml entity.name.tag.types.plcopen-xml
#        ^ source.plcopen-xml meta.tag.xml punctuation.definition.tag.end.xml
>    <pous>
#^^^^ source.plcopen-xml
#    ^ source.plcopen-xml meta.tag.xml punctuation.definition.tag.begin.xml
#     ^^^^ source.plcopen-xml meta.tag.xml entity.name.tag.types.plcopen-xml
#         ^ source.plcopen-xml meta.tag.xml punctuation.definition.tag.end.xml
>      <pou name="MyFunction" pouType="function">
#^^^^^^ source.plcopen-xml
#      ^ source.plcopen-xml meta.tag.xml punctuation.definition.tag.begin.xml
#       ^^^ source.plcopen-xml meta.tag.xml entity.name.tag.pou.plcopen-xml
#          ^ source.plcopen-xml meta.tag.xml
#           ^^^^ source.plcopen-xml meta.tag.xml entity.other.attribute-name.plcopen-xml
#               ^ source.plcopen-xml meta.tag.xml punctuation.separator.key-value.xml
#                ^^^^^^^^^^^^ source.plcopen-xml meta.tag.xml entity.name.plcopen-xml
#                            ^ source.plcopen-xml meta.tag.xml
#                             ^^^^^^^ source.plcopen-xml meta.tag.xml entity.other.attribute-name.plcopen-xml
#                                    ^ source.plcopen-xml meta.tag.xml punctuation.separator.key-value.xml
#                                     ^ source.plcopen-xml meta.tag.xml punctuation.definition.string.begin.xml
#                                      ^^^^^^^^ source.plcopen-xml meta.tag.xml support.type.pou.plcopen-xml
#                                              ^ source.plcopen-xml meta.tag.xml punctuation.definition.string.end.xml
#                                               ^ source.plcopen-xml meta.tag.xml punctuation.definition.tag.end.xml
>        <interface>
#^^^^^^^^ source.plcopen-xml
#        ^ source.plcopen-xml meta.tag.xml punctuation.definition.tag.begin.xml
#         ^^^^^^^^^ source.plcopen-xml meta.tag.xml entity.name.tag.pou.plcopen-xml
#                  ^ source.plcopen-xml meta.tag.xml punctuation.definition.tag.end.xml
>          <returnType>
#^^^^^^^^^^ source.plcopen-xml
#          ^ source.plcopen-xml meta.tag.xml punctuation.definition.tag.begin.xml
#           ^^^^^^^^^^ source.plcopen-xml meta.tag.xml entity.name.tag.variable-section.plcopen-xml
#                     ^ source.plcopen-xml meta.tag.xml punctuation.definition.tag.end.xml
>            <BOOL/>
#^^^^^^^^^^^^ source.plcopen-xml
#            ^ source.plcopen-xml meta.tag.xml punctuation.definition.tag.begin.xml
#             ^^^^ source.plcopen-xml meta.tag.xml storage.type.primitive.plcopen-xml
#                 ^^ source.plcopen-xml meta.tag.xml punctuation.definition.tag.end.xml
>          </returnType>
#^^^^^^^^^^ source.plcopen-xml
#          ^^ source.plcopen-xml meta.tag.close.xml punctuation.definition.tag.begin.xml
#            ^^^^^^^^^^ source.plcopen-xml meta.tag.close.xml entity.name.tag.variable-section.plcopen-xml
#                      ^ source.plcopen-xml meta.tag.close.xml punctuation.definition.tag.end.xml
>          <inputVars>
#^^^^^^^^^^ source.plcopen-xml
#          ^ source.plcopen-xml meta.tag.xml punctuation.definition.tag.begin.xml
#           ^^^^^^^^^ source.plcopen-xml meta.tag.xml entity.name.tag.variable-section.plcopen-xml
#                    ^ source.plcopen-xml meta.tag.xml punctuation.definition.tag.end.xml
>            <variable name="Input1">
#^^^^^^^^^^^^ source.plcopen-xml
#            ^ source.plcopen-xml meta.tag.xml punctuation.definition.tag.begin.xml
#             ^^^^^^^^ source.plcopen-xml meta.tag.xml entity.name.tag.variable.plcopen-xml
#                     ^ source.plcopen-xml meta.tag.xml
#                      ^^^^ source.plcopen-xml meta.tag.xml entity.other.attribute-name.plcopen-xml
#                          ^ source.plcopen-xml meta.tag.xml punctuation.separator.key-value.xml
#                           ^^^^^^^^ source.plcopen-xml meta.tag.xml entity.name.plcopen-xml
#                                   ^ source.plcopen-xml meta.tag.xml punctuation.definition.tag.end.xml
>              <type><INT/></type>
#^^^^^^^^^^^^^^ source.plcopen-xml
#              ^ source.plcopen-xml meta.tag.xml punctuation.definition.tag.begin.xml
#               ^^^^ source.plcopen-xml meta.tag.xml entity.name.tag.variable.plcopen-xml
#                   ^ source.plcopen-xml meta.tag.xml punctuation.definition.tag.end.xml
#                    ^ source.plcopen-xml meta.tag.xml punctuation.definition.tag.begin.xml
#                     ^^^ source.plcopen-xml meta.tag.xml storage.type.primitive.plcopen-xml
#                        ^^ source.plcopen-xml meta.tag.xml punctuation.definition.tag.end.xml
#                          ^^ source.plcopen-xml meta.tag.close.xml punctuation.definition.tag.begin.xml
#                            ^^^^ source.plcopen-xml meta.tag.close.xml entity.name.tag.variable.plcopen-xml
#                                ^ source.plcopen-xml meta.tag.close.xml punctuation.definition.tag.end.xml
>            </variable>
#^^^^^^^^^^^^ source.plcopen-xml
#            ^^ source.plcopen-xml meta.tag.close.xml punctuation.definition.tag.begin.xml
#              ^^^^^^^^ source.plcopen-xml meta.tag.close.xml entity.name.tag.variable.plcopen-xml
#                      ^ source.plcopen-xml meta.tag.close.xml punctuation.definition.tag.end.xml
>          </inputVars>
#^^^^^^^^^^ source.plcopen-xml
#          ^^ source.plcopen-xml meta.tag.close.xml punctuation.definition.tag.begin.xml
#            ^^^^^^^^^ source.plcopen-xml meta.tag.close.xml entity.name.tag.variable-section.plcopen-xml
#                     ^ source.plcopen-xml meta.tag.close.xml punctuation.definition.tag.end.xml
>          <outputVars>
#^^^^^^^^^^ source.plcopen-xml
#          ^ source.plcopen-xml meta.tag.xml punctuation.definition.tag.begin.xml
#           ^^^^^^^^^^ source.plcopen-xml meta.tag.xml entity.name.tag.variable-section.plcopen-xml
#                     ^ source.plcopen-xml meta.tag.xml punctuation.definition.tag.end.xml
>            <variable name="Output1">
#^^^^^^^^^^^^ source.plcopen-xml
#            ^ source.plcopen-xml meta.tag.xml punctuation.definition.tag.begin.xml
#             ^^^^^^^^ source.plcopen-xml meta.tag.xml entity.name.tag.variable.plcopen-xml
#                     ^ source.plcopen-xml meta.tag.xml
#                      ^^^^ source.plcopen-xml meta.tag.xml entity.other.attribute-name.plcopen-xml
#                          ^ source.plcopen-xml meta.tag.xml punctuation.separator.key-value.xml
#                           ^^^^^^^^^ source.plcopen-xml meta.tag.xml entity.name.plcopen-xml
#                                    ^ source.plcopen-xml meta.tag.xml punctuation.definition.tag.end.xml
>              <type><DINT/></type>
#^^^^^^^^^^^^^^ source.plcopen-xml
#              ^ source.plcopen-xml meta.tag.xml punctuation.definition.tag.begin.xml
#               ^^^^ source.plcopen-xml meta.tag.xml entity.name.tag.variable.plcopen-xml
#                   ^ source.plcopen-xml meta.tag.xml punctuation.definition.tag.end.xml
#                    ^ source.plcopen-xml meta.tag.xml punctuation.definition.tag.begin.xml
#                     ^^^^ source.plcopen-xml meta.tag.xml storage.type.primitive.plcopen-xml
#                         ^^ source.plcopen-xml meta.tag.xml punctuation.definition.tag.end.xml
#                           ^^ source.plcopen-xml meta.tag.close.xml punctuation.definition.tag.begin.xml
#                             ^^^^ source.plcopen-xml meta.tag.close.xml entity.name.tag.variable.plcopen-xml
#                                 ^ source.plcopen-xml meta.tag.close.xml punctuation.definition.tag.end.xml
>            </variable>
#^^^^^^^^^^^^ source.plcopen-xml
#            ^^ source.plcopen-xml meta.tag.close.xml punctuation.definition.tag.begin.xml
#              ^^^^^^^^ source.plcopen-xml meta.tag.close.xml entity.name.tag.variable.plcopen-xml
#                      ^ source.plcopen-xml meta.tag.close.xml punctuation.definition.tag.end.xml
>          </outputVars>
#^^^^^^^^^^ source.plcopen-xml
#          ^^ source.plcopen-xml meta.tag.close.xml punctuation.definition.tag.begin.xml
#            ^^^^^^^^^^ source.plcopen-xml meta.tag.close.xml entity.name.tag.variable-section.plcopen-xml
#                      ^ source.plcopen-xml meta.tag.close.xml punctuation.definition.tag.end.xml
>          <localVars>
#^^^^^^^^^^ source.plcopen-xml
#          ^ source.plcopen-xml meta.tag.xml punctuation.definition.tag.begin.xml
#           ^^^^^^^^^ source.plcopen-xml meta.tag.xml entity.name.tag.variable-section.plcopen-xml
#                    ^ source.plcopen-xml meta.tag.xml punctuation.definition.tag.end.xml
>            <variable name="Local1" constant="true">
#^^^^^^^^^^^^ source.plcopen-xml
#            ^ source.plcopen-xml meta.tag.xml punctuation.definition.tag.begin.xml
#             ^^^^^^^^ source.plcopen-xml meta.tag.xml entity.name.tag.variable.plcopen-xml
#                     ^ source.plcopen-xml meta.tag.xml
#                      ^^^^ source.plcopen-xml meta.tag.xml entity.other.attribute-name.plcopen-xml
#                          ^ source.plcopen-xml meta.tag.xml punctuation.separator.key-value.xml
#                           ^^^^^^^^ source.plcopen-xml meta.tag.xml entity.name.plcopen-xml
#                                   ^ source.plcopen-xml meta.tag.xml
#                                    ^^^^^^^^ source.plcopen-xml meta.tag.xml entity.other.attribute-name.plcopen-xml
#                                            ^ source.plcopen-xml meta.tag.xml punctuation.separator.key-value.xml
#                                             ^ source.plcopen-xml meta.tag.xml punctuation.definition.string.begin.xml
#                                              ^^^^ source.plcopen-xml meta.tag.xml constant.language.boolean.plcopen-xml
#                                                  ^ source.plcopen-xml meta.tag.xml punctuation.definition.string.end.xml
#                                                   ^ source.plcopen-xml meta.tag.xml punctuation.definition.tag.end.xml
>              <type><REAL/></type>
#^^^^^^^^^^^^^^ source.plcopen-xml
#              ^ source.plcopen-xml meta.tag.xml punctuation.definition.tag.begin.xml
#               ^^^^ source.plcopen-xml meta.tag.xml entity.name.tag.variable.plcopen-xml
#                   ^ source.plcopen-xml meta.tag.xml punctuation.definition.tag.end.xml
#                    ^ source.plcopen-xml meta.tag.xml punctuation.definition.tag.begin.xml
#                     ^^^^ source.plcopen-xml meta.tag.xml storage.type.primitive.plcopen-xml
#                         ^^ source.plcopen-xml meta.tag.xml punctuation.definition.tag.end.xml
#                           ^^ source.plcopen-xml meta.tag.close.xml punctuation.definition.tag.begin.xml
#                             ^^^^ source.plcopen-xml meta.tag.close.xml entity.name.tag.variable.plcopen-xml
#                                 ^ source.plcopen-xml meta.tag.close.xml punctuation.definition.tag.end.xml
>              <initialValue>
#^^^^^^^^^^^^^^ source.plcopen-xml
#              ^ source.plcopen-xml meta.tag.xml punctuation.definition.tag.begin.xml
#               ^^^^^^^^^^^^ source.plcopen-xml meta.tag.xml entity.name.tag.variable.plcopen-xml
#                           ^ source.plcopen-xml meta.tag.xml punctuation.definition.tag.end.xml
>                <simpleValue value="0.0"/>
#^^^^^^^^^^^^^^^^ source.plcopen-xml
#                ^ source.plcopen-xml meta.tag.xml punctuation.definition.tag.begin.xml
#                 ^^^^^^^^^^^ source.plcopen-xml meta.tag.xml entity.name.tag.variable.plcopen-xml
#                            ^ source.plcopen-xml meta.tag.xml
#                             ^^^^^ source.plcopen-xml meta.tag.xml entity.other.attribute-name.xml
#                                  ^ source.plcopen-xml meta.tag.xml punctuation.separator.key-value.xml
#                                   ^^^^^ source.plcopen-xml meta.tag.xml string.quoted.double.xml
#                                        ^^ source.plcopen-xml meta.tag.xml punctuation.definition.tag.end.xml
>              </initialValue>
#^^^^^^^^^^^^^^ source.plcopen-xml
#              ^^ source.plcopen-xml meta.tag.close.xml punctuation.definition.tag.begin.xml
#                ^^^^^^^^^^^^ source.plcopen-xml meta.tag.close.xml entity.name.tag.variable.plcopen-xml
#                            ^ source.plcopen-xml meta.tag.close.xml punctuation.definition.tag.end.xml
>            </variable>
#^^^^^^^^^^^^ source.plcopen-xml
#            ^^ source.plcopen-xml meta.tag.close.xml punctuation.definition.tag.begin.xml
#              ^^^^^^^^ source.plcopen-xml meta.tag.close.xml entity.name.tag.variable.plcopen-xml
#                      ^ source.plcopen-xml meta.tag.close.xml punctuation.definition.tag.end.xml
>          </localVars>
#^^^^^^^^^^ source.plcopen-xml
#          ^^ source.plcopen-xml meta.tag.close.xml punctuation.definition.tag.begin.xml
#            ^^^^^^^^^ source.plcopen-xml meta.tag.close.xml entity.name.tag.variable-section.plcopen-xml
#                     ^ source.plcopen-xml meta.tag.close.xml punctuation.definition.tag.end.xml
>        </interface>
#^^^^^^^^ source.plcopen-xml
#        ^^ source.plcopen-xml meta.tag.close.xml punctuation.definition.tag.begin.xml
#          ^^^^^^^^^ source.plcopen-xml meta.tag.close.xml entity.name.tag.pou.plcopen-xml
#                   ^ source.plcopen-xml meta.tag.close.xml punctuation.definition.tag.end.xml
>        <body>
#^^^^^^^^ source.plcopen-xml
#        ^ source.plcopen-xml meta.tag.xml punctuation.definition.tag.begin.xml
#         ^^^^ source.plcopen-xml meta.tag.xml entity.name.tag.pou.plcopen-xml
#             ^ source.plcopen-xml meta.tag.xml punctuation.definition.tag.end.xml
>          <ST>
#^^^^^^^^^^ source.plcopen-xml
#          ^ source.plcopen-xml meta.tag.xml punctuation.definition.tag.begin.xml
#           ^^ source.plcopen-xml meta.tag.xml entity.name.tag.body-language.plcopen-xml
#             ^ source.plcopen-xml meta.tag.xml punctuation.definition.tag.end.xml
>            <xhtml xmlns="http://www.w3.org/1999/xhtml">Output1 := Input1 * 2;</xhtml>
#^^^^^^^^^^^^ source.plcopen-xml
#            ^ source.plcopen-xml punctuation.definition.tag.begin.xml
#             ^^^^^ source.plcopen-xml entity.name.tag.body.plcopen-xml
#                  ^^^^^^^^^^^^^^^^^^^^^^^^^^^^^^^^^^^^^ source.plcopen-xml entity.other.attribute-name.namespace.xml
#                                                       ^ source.plcopen-xml punctuation.definition.tag.end.xml
#                                                        ^^^^^^^ source.plcopen-xml meta.embedded.block.st variable.other.st
#                                                               ^ source.plcopen-xml meta.embedded.block.st
#                                                                ^^ source.plcopen-xml meta.embedded.block.st keyword.operator.assignment.st
#                                                                  ^ source.plcopen-xml meta.embedded.block.st
#                                                                   ^^^^^^ source.plcopen-xml meta.embedded.block.st variable.other.st
#                                                                         ^ source.plcopen-xml meta.embedded.block.st
#                                                                          ^ source.plcopen-xml meta.embedded.block.st keyword.operator.arithmetic.st
#                                                                           ^ source.plcopen-xml meta.embedded.block.st
#                                                                            ^ source.plcopen-xml meta.embedded.block.st constant.numeric.decimal.st
#                                                                             ^ source.plcopen-xml meta.embedded.block.st punctuation.separator.st
#                                                                              ^^ source.plcopen-xml punctuation.definition.tag.begin.xml
#                                                                                ^^^^^ source.plcopen-xml entity.name.tag.body.plcopen-xml
#                                                                                     ^ source.plcopen-xml punctuation.definition.tag.end.xml
>          </ST>
#^^^^^^^^^^ source.plcopen-xml
#          ^^ source.plcopen-xml meta.tag.close.xml punctuation.definition.tag.begin.xml
#            ^^ source.plcopen-xml meta.tag.close.xml entity.name.tag.body-language.plcopen-xml
#              ^ source.plcopen-xml meta.tag.close.xml punctuation.definition.tag.end.xml
>        </body>
#^^^^^^^^ source.plcopen-xml
#        ^^ source.plcopen-xml meta.tag.close.xml punctuation.definition.tag.begin.xml
#          ^^^^ source.plcopen-xml meta.tag.close.xml entity.name.tag.pou.plcopen-xml
#              ^ source.plcopen-xml meta.tag.close.xml punctuation.definition.tag.end.xml
>      </pou>
#^^^^^^ source.plcopen-xml
#      ^^ source.plcopen-xml meta.tag.close.xml punctuation.definition.tag.begin.xml
#        ^^^ source.plcopen-xml meta.tag.close.xml entity.name.tag.pou.plcopen-xml
#           ^ source.plcopen-xml meta.tag.close.xml punctuation.definition.tag.end.xml
>      <pou name="MyFunctionBlock" pouType="functionBlock">
#^^^^^^ source.plcopen-xml
#      ^ source.plcopen-xml meta.tag.xml punctuation.definition.tag.begin.xml
#       ^^^ source.plcopen-xml meta.tag.xml entity.name.tag.pou.plcopen-xml
#          ^ source.plcopen-xml meta.tag.xml
#           ^^^^ source.plcopen-xml meta.tag.xml entity.other.attribute-name.plcopen-xml
#               ^ source.plcopen-xml meta.tag.xml punctuation.separator.key-value.xml
#                ^^^^^^^^^^^^^^^^^ source.plcopen-xml meta.tag.xml entity.name.plcopen-xml
#                                 ^ source.plcopen-xml meta.tag.xml
#                                  ^^^^^^^ source.plcopen-xml meta.tag.xml entity.other.attribute-name.plcopen-xml
#                                         ^ source.plcopen-xml meta.tag.xml punctuation.separator.key-value.xml
#                                          ^ source.plcopen-xml meta.tag.xml punctuation.definition.string.begin.xml
#                                           ^^^^^^^^^^^^^ source.plcopen-xml meta.tag.xml support.type.pou.plcopen-xml
#                                                        ^ source.plcopen-xml meta.tag.xml punctuation.definition.string.end.xml
#                                                         ^ source.plcopen-xml meta.tag.xml punctuation.definition.tag.end.xml
>        <interface>
#^^^^^^^^ source.plcopen-xml
#        ^ source.plcopen-xml meta.tag.xml punctuation.definition.tag.begin.xml
#         ^^^^^^^^^ source.plcopen-xml meta.tag.xml entity.name.tag.pou.plcopen-xml
#                  ^ source.plcopen-xml meta.tag.xml punctuation.definition.tag.end.xml
>          <inOutVars>
#^^^^^^^^^^ source.plcopen-xml
#          ^ source.plcopen-xml meta.tag.xml punctuation.definition.tag.begin.xml
#           ^^^^^^^^^ source.plcopen-xml meta.tag.xml entity.name.tag.variable-section.plcopen-xml
#                    ^ source.plcopen-xml meta.tag.xml punctuation.definition.tag.end.xml
>            <variable name="Counter">
#^^^^^^^^^^^^ source.plcopen-xml
#            ^ source.plcopen-xml meta.tag.xml punctuation.definition.tag.begin.xml
#             ^^^^^^^^ source.plcopen-xml meta.tag.xml entity.name.tag.variable.plcopen-xml
#                     ^ source.plcopen-xml meta.tag.xml
#                      ^^^^ source.plcopen-xml meta.tag.xml entity.other.attribute-name.plcopen-xml
#                          ^ source.plcopen-xml meta.tag.xml punctuation.separator.key-value.xml
#                           ^^^^^^^^^ source.plcopen-xml meta.tag.xml entity.name.plcopen-xml
#                                    ^ source.plcopen-xml meta.tag.xml punctuation.definition.tag.end.xml
>              <type><UDINT/></type>
#^^^^^^^^^^^^^^ source.plcopen-xml
#              ^ source.plcopen-xml meta.tag.xml punctuation.definition.tag.begin.xml
#               ^^^^ source.plcopen-xml meta.tag.xml entity.name.tag.variable.plcopen-xml
#                   ^ source.plcopen-xml meta.tag.xml punctuation.definition.tag.end.xml
#                    ^ source.plcopen-xml meta.tag.xml punctuation.definition.tag.begin.xml
#                     ^^^^^ source.plcopen-xml meta.tag.xml storage.type.primitive.plcopen-xml
#                          ^^ source.plcopen-xml meta.tag.xml punctuation.definition.tag.end.xml
#                            ^^ source.plcopen-xml meta.tag.close.xml punctuation.definition.tag.begin.xml
#                              ^^^^ source.plcopen-xml meta.tag.close.xml entity.name.tag.variable.plcopen-xml
#                                  ^ source.plcopen-xml meta.tag.close.xml punctuation.definition.tag.end.xml
>            </variable>
#^^^^^^^^^^^^ source.plcopen-xml
#            ^^ source.plcopen-xml meta.tag.close.xml punctuation.definition.tag.begin.xml
#              ^^^^^^^^ source.plcopen-xml meta.tag.close.xml entity.name.tag.variable.plcopen-xml
#                      ^ source.plcopen-xml meta.tag.close.xml punctuation.definition.tag.end.xml
>          </inOutVars>
#^^^^^^^^^^ source.plcopen-xml
#          ^^ source.plcopen-xml meta.tag.close.xml punctuation.definition.tag.begin.xml
#            ^^^^^^^^^ source.plcopen-xml meta.tag.close.xml entity.name.tag.variable-section.plcopen-xml
#                     ^ source.plcopen-xml meta.tag.close.xml punctuation.definition.tag.end.xml
>        </interface>
#^^^^^^^^ source.plcopen-xml
#        ^^ source.plcopen-xml meta.tag.close.xml punctuation.definition.tag.begin.xml
#          ^^^^^^^^^ source.plcopen-xml meta.tag.close.xml entity.name.tag.pou.plcopen-xml
#                   ^ source.plcopen-xml meta.tag.close.xml punctuation.definition.tag.end.xml
>        <body>
#^^^^^^^^ source.plcopen-xml
#        ^ source.plcopen-xml meta.tag.xml punctuation.definition.tag.begin.xml
#         ^^^^ source.plcopen-xml meta.tag.xml entity.name.tag.pou.plcopen-xml
#             ^ source.plcopen-xml meta.tag.xml punctuation.definition.tag.end.xml
>          <ST>
#^^^^^^^^^^ source.plcopen-xml
#          ^ source.plcopen-xml meta.tag.xml punctuation.definition.tag.begin.xml
#           ^^ source.plcopen-xml meta.tag.xml entity.name.tag.body-language.plcopen-xml
#             ^ source.plcopen-xml meta.tag.xml punctuation.definition.tag.end.xml
>            <xhtml>Counter := Counter + 1;</xhtml>
#^^^^^^^^^^^^ source.plcopen-xml
#            ^ source.plcopen-xml punctuation.definition.tag.begin.xml
#             ^^^^^ source.plcopen-xml entity.name.tag.body.plcopen-xml
#                  ^ source.plcopen-xml punctuation.definition.tag.end.xml
#                   ^^^^^^^ source.plcopen-xml meta.embedded.block.st variable.other.st
#                          ^ source.plcopen-xml meta.embedded.block.st
#                           ^^ source.plcopen-xml meta.embedded.block.st keyword.operator.assignment.st
#                             ^ source.plcopen-xml meta.embedded.block.st
#                              ^^^^^^^ source.plcopen-xml meta.embedded.block.st variable.other.st
#                                     ^ source.plcopen-xml meta.embedded.block.st
#                                      ^ source.plcopen-xml meta.embedded.block.st keyword.operator.arithmetic.st
#                                       ^ source.plcopen-xml meta.embedded.block.st
#                                        ^ source.plcopen-xml meta.embedded.block.st constant.numeric.decimal.st
#                                         ^ source.plcopen-xml meta.embedded.block.st punctuation.separator.st
#                                          ^^ source.plcopen-xml punctuation.definition.tag.begin.xml
#                                            ^^^^^ source.plcopen-xml entity.name.tag.body.plcopen-xml
#                                                 ^ source.plcopen-xml punctuation.definition.tag.end.xml
>          </ST>
#^^^^^^^^^^ source.plcopen-xml
#          ^^ source.plcopen-xml meta.tag.close.xml punctuation.definition.tag.begin.xml
#            ^^ source.plcopen-xml meta.tag.close.xml entity.name.tag.body-language.plcopen-xml
#              ^ source.plcopen-xml meta.tag.close.xml punctuation.definition.tag.end.xml
>        </body>
#^^^^^^^^ source.plcopen-xml
#        ^^ source.plcopen-xml meta.tag.close.xml punctuation.definition.tag.begin.xml
#          ^^^^ source.plcopen-xml meta.tag.close.xml entity.name.tag.pou.plcopen-xml
#              ^ source.plcopen-xml meta.tag.close.xml punctuation.definition.tag.end.xml
>      </pou>
#^^^^^^ source.plcopen-xml
#      ^^ source.plcopen-xml meta.tag.close.xml punctuation.definition.tag.begin.xml
#        ^^^ source.plcopen-xml meta.tag.close.xml entity.name.tag.pou.plcopen-xml
#           ^ source.plcopen-xml meta.tag.close.xml punctuation.definition.tag.end.xml
>      <pou name="MyProgram" pouType="program">
#^^^^^^ source.plcopen-xml
#      ^ source.plcopen-xml meta.tag.xml punctuation.definition.tag.begin.xml
#       ^^^ source.plcopen-xml meta.tag.xml entity.name.tag.pou.plcopen-xml
#          ^ source.plcopen-xml meta.tag.xml
#           ^^^^ source.plcopen-xml meta.tag.xml entity.other.attribute-name.plcopen-xml
#               ^ source.plcopen-xml meta.tag.xml punctuation.separator.key-value.xml
#                ^^^^^^^^^^^ source.plcopen-xml meta.tag.xml entity.name.plcopen-xml
#                           ^ source.plcopen-xml meta.tag.xml
#                            ^^^^^^^ source.plcopen-xml meta.tag.xml entity.other.attribute-name.plcopen-xml
#                                   ^ source.plcopen-xml meta.tag.xml punctuation.separator.key-value.xml
#                                    ^ source.plcopen-xml meta.tag.xml punctuation.definition.string.begin.xml
#                                     ^^^^^^^ source.plcopen-xml meta.tag.xml support.type.pou.plcopen-xml
#                                            ^ source.plcopen-xml meta.tag.xml punctuation.definition.string.end.xml
#                                             ^ source.plcopen-xml meta.tag.xml punctuation.definition.tag.end.xml
>        <interface>
#^^^^^^^^ source.plcopen-xml
#        ^ source.plcopen-xml meta.tag.xml punctuation.definition.tag.begin.xml
#         ^^^^^^^^^ source.plcopen-xml meta.tag.xml entity.name.tag.pou.plcopen-xml
#                  ^ source.plcopen-xml meta.tag.xml punctuation.definition.tag.end.xml
>          <tempVars>
#^^^^^^^^^^ source.plcopen-xml
#          ^ source.plcopen-xml meta.tag.xml punctuation.definition.tag.begin.xml
#           ^^^^^^^^ source.plcopen-xml meta.tag.xml entity.name.tag.variable-section.plcopen-xml
#                   ^ source.plcopen-xml meta.tag.xml punctuation.definition.tag.end.xml
>            <variable name="Temp">
#^^^^^^^^^^^^ source.plcopen-xml
#            ^ source.plcopen-xml meta.tag.xml punctuation.definition.tag.begin.xml
#             ^^^^^^^^ source.plcopen-xml meta.tag.xml entity.name.tag.variable.plcopen-xml
#                     ^ source.plcopen-xml meta.tag.xml
#                      ^^^^ source.plcopen-xml meta.tag.xml entity.other.attribute-name.plcopen-xml
#                          ^ source.plcopen-xml meta.tag.xml punctuation.separator.key-value.xml
#                           ^^^^^^ source.plcopen-xml meta.tag.xml entity.name.plcopen-xml
#                                 ^ source.plcopen-xml meta.tag.xml punctuation.definition.tag.end.xml
>              <type><STRING/></type>
#^^^^^^^^^^^^^^ source.plcopen-xml
#              ^ source.plcopen-xml meta.tag.xml punctuation.definition.tag.begin.xml
#               ^^^^ source.plcopen-xml meta.tag.xml entity.name.tag.variable.plcopen-xml
#                   ^ source.plcopen-xml meta.tag.xml punctuation.definition.tag.end.xml
#                    ^ source.plcopen-xml meta.tag.xml punctuation.definition.tag.begin.xml
#                     ^^^^^^ source.plcopen-xml meta.tag.xml storage.type.primitive.plcopen-xml
#                           ^^ source.plcopen-xml meta.tag.xml punctuation.definition.tag.end.xml
#                             ^^ source.plcopen-xml meta.tag.close.xml punctuation.definition.tag.begin.xml
#                               ^^^^ source.plcopen-xml meta.tag.close.xml entity.name.tag.variable.plcopen-xml
#                                   ^ source.plcopen-xml meta.tag.close.xml punctuation.definition.tag.end.xml
>            </variable>
#^^^^^^^^^^^^ source.plcopen-xml
#            ^^ source.plcopen-xml meta.tag.close.xml punctuation.definition.tag.begin.xml
#              ^^^^^^^^ source.plcopen-xml meta.tag.close.xml entity.name.tag.variable.plcopen-xml
#                      ^ source.plcopen-xml meta.tag.close.xml punctuation.definition.tag.end.xml
>          </tempVars>
#^^^^^^^^^^ source.plcopen-xml
#          ^^ source.plcopen-xml meta.tag.close.xml punctuation.definition.tag.begin.xml
#            ^^^^^^^^ source.plcopen-xml meta.tag.close.xml entity.name.tag.variable-section.plcopen-xml
#                    ^ source.plcopen-xml meta.tag.close.xml punctuation.definition.tag.end.xml
>        </interface>
#^^^^^^^^ source.plcopen-xml
#        ^^ source.plcopen-xml meta.tag.close.xml punctuation.definition.tag.begin.xml
#          ^^^^^^^^^ source.plcopen-xml meta.tag.close.xml entity.name.tag.pou.plcopen-xml
#                   ^ source.plcopen-xml meta.tag.close.xml punctuation.definition.tag.end.xml
>        <body>
#^^^^^^^^ source.plcopen-xml
#        ^ source.plcopen-xml meta.tag.xml punctuation.definition.tag.begin.xml
#         ^^^^ source.plcopen-xml meta.tag.xml entity.name.tag.pou.plcopen-xml
#             ^ source.plcopen-xml meta.tag.xml punctuation.definition.tag.end.xml
>          <ST>
#^^^^^^^^^^ source.plcopen-xml
#          ^ source.plcopen-xml meta.tag.xml punctuation.definition.tag.begin.xml
#           ^^ source.plcopen-xml meta.tag.xml entity.name.tag.body-language.plcopen-xml
#             ^ source.plcopen-xml meta.tag.xml punctuation.definition.tag.end.xml
>            <xhtml>Temp := 'Hello';</xhtml>
#^^^^^^^^^^^^ source.plcopen-xml
#            ^ source.plcopen-xml punctuation.definition.tag.begin.xml
#             ^^^^^ source.plcopen-xml entity.name.tag.body.plcopen-xml
#                  ^ source.plcopen-xml punctuation.definition.tag.end.xml
#                   ^^^^ source.plcopen-xml meta.embedded.block.st variable.other.st
#                       ^ source.plcopen-xml meta.embedded.block.st
#                        ^^ source.plcopen-xml meta.embedded.block.st keyword.operator.assignment.st
#                          ^ source.plcopen-xml meta.embedded.block.st
#                           ^^^^^^^ source.plcopen-xml meta.embedded.block.st string.quoted.single.st punctuation.definition.string.st
#                                  ^ source.plcopen-xml meta.embedded.block.st punctuation.separator.st
#                                   ^^ source.plcopen-xml punctuation.definition.tag.begin.xml
#                                     ^^^^^ source.plcopen-xml entity.name.tag.body.plcopen-xml
#                                          ^ source.plcopen-xml punctuation.definition.tag.end.xml
>          </ST>
#^^^^^^^^^^ source.plcopen-xml
#          ^^ source.plcopen-xml meta.tag.close.xml punctuation.definition.tag.begin.xml
#            ^^ source.plcopen-xml meta.tag.close.xml entity.name.tag.body-language.plcopen-xml
#              ^ source.plcopen-xml meta.tag.close.xml punctuation.definition.tag.end.xml
>        </body>
#^^^^^^^^ source.plcopen-xml
#        ^^ source.plcopen-xml meta.tag.close.xml punctuation.definition.tag.begin.xml
#          ^^^^ source.plcopen-xml meta.tag.close.xml entity.name.tag.pou.plcopen-xml
#              ^ source.plcopen-xml meta.tag.close.xml punctuation.definition.tag.end.xml
>      </pou>
#^^^^^^ source.plcopen-xml
#      ^^ source.plcopen-xml meta.tag.close.xml punctuation.definition.tag.begin.xml
#        ^^^ source.plcopen-xml meta.tag.close.xml entity.name.tag.pou.plcopen-xml
#           ^ source.plcopen-xml meta.tag.close.xml punctuation.definition.tag.end.xml
>    </pous>
#^^^^ source.plcopen-xml
#    ^^ source.plcopen-xml meta.tag.close.xml punctuation.definition.tag.begin.xml
#      ^^^^ source.plcopen-xml meta.tag.close.xml entity.name.tag.types.plcopen-xml
#          ^ source.plcopen-xml meta.tag.close.xml punctuation.definition.tag.end.xml
>  </types>
#^^ source.plcopen-xml
#  ^^ source.plcopen-xml meta.tag.close.xml punctuation.definition.tag.begin.xml
#    ^^^^^ source.plcopen-xml meta.tag.close.xml entity.name.tag.types.plcopen-xml
#         ^ source.plcopen-xml meta.tag.close.xml punctuation.definition.tag.end.xml
></project>
#^^ source.plcopen-xml meta.tag.close.xml punctuation.definition.tag.begin.xml
#  ^^^^^^^ source.plcopen-xml meta.tag.close.xml entity.name.tag.structure.plcopen-xml
#         ^ source.plcopen-xml meta.tag.close.xml punctuation.definition.tag.end.xml
>